[15:40:46Z] Starting AAIR v6 scan — corpus corpus_signshop_jax_v3.json — endpoint https://prag-ma.ai/aair-v6.php
[15:40:46Z] Loaded 100 prompts
[15:40:46Z] Split into 15 chunks of up to 7 prompts
[15:41:28Z] Chunk 1/15 done — retrieval 7/28 (no_read 0)
[15:42:13Z] Chunk 2/15 done — retrieval 0/28 (no_read 2)
[15:42:47Z] Chunk 3/15 done — retrieval 0/28 (no_read 0)
[15:43:33Z] Chunk 4/15 done — retrieval 1/28 (no_read 2)
[15:43:56Z] Chunk 5/15 done — retrieval 1/28 (no_read 0)
[15:44:42Z] Chunk 6/15 done — retrieval 6/28 (no_read 2)
[15:45:09Z] Chunk 7/15 done — retrieval 2/28 (no_read 0)
[15:45:44Z] Chunk 8/15 done — retrieval 1/28 (no_read 0)
[15:46:29Z] Chunk 9/15 done — retrieval 9/28 (no_read 0)
[15:47:09Z] Chunk 10/15 done — retrieval 4/28 (no_read 0)
[15:47:55Z] Chunk 11/15 done — retrieval 0/28 (no_read 4)
[15:48:41Z] Chunk 12/15 done — retrieval 5/28 (no_read 4)
[15:49:12Z] Chunk 13/15 done — retrieval 3/28 (no_read 3)
[15:49:58Z] Chunk 14/15 done — retrieval 2/28 (no_read 2)
[15:50:43Z] Chunk 15/15 done — retrieval 0/8 (no_read 1)
[15:50:43Z] All chunks returned. Aggregating...
[15:50:43Z] Wrote /Users/alfredpennyworth/AP-v2/_RECOVERED_2026-06-24/hartley-command/clients/b9/baselines/b9-v6-day5-2026-07-21-signshop-jax-v3.json
[15:50:43Z] FINAL — retrieval 41/400 (10%), parametric 0/600 (0%), ondevice 0/380 (0%)
[15:50:43Z] Clean scan: no_read = 20 / attempted = 1400
